Simulating binary tests/ADDI-neg.mips.bin
Itype instruction
ORI
Itype instruction
ADDI
Rtype instruction
JR
Rtype instruction
SLL
