Simulating binary tests/LB-inside-low-imem.mips.bin
Itype instruction
LUI
Itype instruction
LUI
Itype instruction
input: 268435456, offset: 285212672
final position: 0
LB
Rtype instruction
JR
Rtype instruction
SLL
