Simulating binary tests/LBU-outside-high-imem.mips.bin
Itype instruction
LUI
Itype instruction
ORI
Itype instruction
input: 285212672, offset: 285212672
Memmory Error
