Simulating binary tests/LBU-signed.mips.bin
Itype instruction
LUI
Itype instruction
ORI
Itype instruction
input: 536870912, offset: 285212672
final position: 0
SW
Itype instruction
input: 536870915, offset: 285212672
final position: 3
LBU
Rtype instruction
SRL
Rtype instruction
JR
Rtype instruction
SLL
