Simulating binary tests/LBU-outside-high-dmem.mips.bin
Itype instruction
LUI
Itype instruction
ORI
Itype instruction
input: 603979776, offset: 285212672
Memmory Error
