Simulating binary tests/LH-outside-low-imem.mips.bin
Itype instruction
LUI
Itype instruction
ORI
Itype instruction
LUI
Itype instruction
input: 268435454, offset: 285212672
Memmory Error
