Simulating binary tests/LW-inside-imem-low.mips.bin
Itype instruction
LUI
Itype instruction
LUI
Itype instruction
LW
input: 268435456, offset: 285212672
final position: 0
Rtype instruction
SRL
Rtype instruction
JR
Rtype instruction
SLL
