Simulating binary tests/LW-inside-low-dmem.mips.bin
Itype instruction
LUI
Itype instruction
ORI
Itype instruction
input: 536870912, offset: 285212672
final position: 0
SW
Itype instruction
LW
input: 536870912, offset: 285212672
final position: 0
Rtype instruction
JR
Rtype instruction
SLL
