Simulating binary tests/MULT-signed.mips.bin
Itype instruction
LUI
Itype instruction
ORI
Itype instruction
LUI
Itype instruction
ORI
Rtype instruction
-13449564316988415
1216384001, 4291835825
MULT
Rtype instruction
SLL
Rtype instruction
SLL
Rtype instruction
MFLO
Rtype instruction
MFHI
Rtype instruction
ADD
Itype instruction
LUI
Itype instruction
ADDI
Itype instruction
input: 805306372, offset: 285212672
91
SW
Rtype instruction
JR
Rtype instruction
SLL
