Simulating binary tests/OR-normal.mips.bin
Itype instruction
LUI
Itype instruction
ORI
Itype instruction
LUI
Itype instruction
ORI
Rtype instruction
OR
Rtype instruction
JR
Rtype instruction
SLL
