Simulating binary tests/SB-null.mips.bin
Itype instruction
ORI
Itype instruction
LUI
Itype instruction
input: 0, offset: 285212672
Memmory Error
