Simulating binary tests/SH-outside-low-dmem.mips.bin
Itype instruction
ORI
Itype instruction
LUI
Itype instruction
input: 536870910, offset: 285212672
Memmory Error
