Simulating binary tests/SLLV-simple.mips.bin
Itype instruction
ORI
Itype instruction
ORI
Rtype instruction
SLLV
Rtype instruction
JR
Rtype instruction
SLL
