Simulating binary tests/SUB-overflow-neg.mips.bin
Itype instruction
LUI
Itype instruction
LUI
Rtype instruction
Overflow
