Simulating binary tests/SW-normal.mips.bin
Itype instruction
LUI
Itype instruction
ORI
Itype instruction
LUI
Itype instruction
input: 536870916, offset: 285212672
final position: 4
SW
Itype instruction
input: 536870919, offset: 285212672
final position: 7
LB
Rtype instruction
JR
Rtype instruction
SLL
